{
  "auths":{
    "myregistry.acme.com": {
        "auth": "",
        "email": ""
    }
  },

  "credHelpers": {
    "my-registry": "ecr-login"
  }
}