{
  "auths":{
    "myregistry.acme.com": {
        "auth": "",
        "email": ""
    }
  },

  "credHelpers": {}
}