{
  "auths":{
    "myregistry.acme.com": {
        "auth": "",
        "email": ""
    }
  },

  "credHelpers": {
      "gcr.io": "gcr",
      "us.gcr.io": "gcr",
      "eu.gcr.io": "gcr",
      "asia.gcr.io": "gcr",
      "staging-k8s.gcr.io": "gcr"
  }
}